Archive member included because of file (symbol)

c:/winavr-20071221/bin/../lib/gcc/avr/4.2.2/avr5\libgcc.a(_divmodhi4.o)
                              7segmentled.o (__divmodhi4)
c:/winavr-20071221/bin/../lib/gcc/avr/4.2.2/avr5\libgcc.a(_exit.o)
                              c:/winavr-20071221/bin/../lib/gcc/avr/4.2.2/../../../../avr/lib/avr5/crtm1280.o (exit)
c:/winavr-20071221/bin/../lib/gcc/avr/4.2.2/avr5\libgcc.a(_clear_bss.o)
                              adc.o (__do_clear_bss)
c:/winavr-20071221/bin/../lib/gcc/avr/4.2.2/avr5\libgcc.a(_addsub_sf.o)
                              main.o (__addsf3)
c:/winavr-20071221/bin/../lib/gcc/avr/4.2.2/avr5\libgcc.a(_mul_sf.o)
                              dac.o (__mulsf3)
c:/winavr-20071221/bin/../lib/gcc/avr/4.2.2/avr5\libgcc.a(_div_sf.o)
                              dac.o (__divsf3)
c:/winavr-20071221/bin/../lib/gcc/avr/4.2.2/avr5\libgcc.a(_gt_sf.o)
                              main.o (__gtsf2)
c:/winavr-20071221/bin/../lib/gcc/avr/4.2.2/avr5\libgcc.a(_ge_sf.o)
                              dac.o (__gesf2)
c:/winavr-20071221/bin/../lib/gcc/avr/4.2.2/avr5\libgcc.a(_lt_sf.o)
                              main.o (__ltsf2)
c:/winavr-20071221/bin/../lib/gcc/avr/4.2.2/avr5\libgcc.a(_le_sf.o)
                              dac.o (__lesf2)
c:/winavr-20071221/bin/../lib/gcc/avr/4.2.2/avr5\libgcc.a(_sf_to_si.o)
                              dac.o (__fixsfsi)
c:/winavr-20071221/bin/../lib/gcc/avr/4.2.2/avr5\libgcc.a(_thenan_sf.o)
                              c:/winavr-20071221/bin/../lib/gcc/avr/4.2.2/avr5\libgcc.a(_addsub_sf.o) (__thenan_sf)
c:/winavr-20071221/bin/../lib/gcc/avr/4.2.2/avr5\libgcc.a(_usi_to_sf.o)
                              main.o (__floatunsisf)
c:/winavr-20071221/bin/../lib/gcc/avr/4.2.2/avr5\libgcc.a(_udivmodhi4.o)
                              c:/winavr-20071221/bin/../lib/gcc/avr/4.2.2/avr5\libgcc.a(_divmodhi4.o) (__udivmodhi4)
c:/winavr-20071221/bin/../lib/gcc/avr/4.2.2/avr5\libgcc.a(_prologue.o)
                              c:/winavr-20071221/bin/../lib/gcc/avr/4.2.2/avr5\libgcc.a(_addsub_sf.o) (__prologue_saves__)
c:/winavr-20071221/bin/../lib/gcc/avr/4.2.2/avr5\libgcc.a(_epilogue.o)
                              c:/winavr-20071221/bin/../lib/gcc/avr/4.2.2/avr5\libgcc.a(_addsub_sf.o) (__epilogue_restores__)
c:/winavr-20071221/bin/../lib/gcc/avr/4.2.2/avr5\libgcc.a(_clzsi2.o)
                              c:/winavr-20071221/bin/../lib/gcc/avr/4.2.2/avr5\libgcc.a(_usi_to_sf.o) (__clzsi2)
c:/winavr-20071221/bin/../lib/gcc/avr/4.2.2/avr5\libgcc.a(_pack_sf.o)
                              c:/winavr-20071221/bin/../lib/gcc/avr/4.2.2/avr5\libgcc.a(_addsub_sf.o) (__pack_f)
c:/winavr-20071221/bin/../lib/gcc/avr/4.2.2/avr5\libgcc.a(_unpack_sf.o)
                              c:/winavr-20071221/bin/../lib/gcc/avr/4.2.2/avr5\libgcc.a(_addsub_sf.o) (__unpack_f)
c:/winavr-20071221/bin/../lib/gcc/avr/4.2.2/avr5\libgcc.a(_fpcmp_parts_sf.o)
                              c:/winavr-20071221/bin/../lib/gcc/avr/4.2.2/avr5\libgcc.a(_gt_sf.o) (__fpcmp_parts_f)
c:/winavr-20071221/bin/../lib/gcc/avr/4.2.2/avr5\libgcc.a(_clz.o)
                              c:/winavr-20071221/bin/../lib/gcc/avr/4.2.2/avr5\libgcc.a(_clzsi2.o) (__clz_tab)

Allocating common symbols
Common symbol       size              file

adc_result          0x4               main.o
time_step           0x1               main.o
desired_volt        0x4               main.o
desired_pulse_width
                    0x1               main.o
desired_volt_indx   0x2               main.o
Seg7_Buf            0x4               main.o

Memory Configuration

Name             Origin             Length             Attributes
text             0x00000000         0x00020000         xr
data             0x00800060         0x0000ffa0         rw !x
eeprom           0x00810000         0x00010000         rw !x
fuse             0x00820000         0x00000400         rw !x
lock             0x00830000         0x00000400         rw !x
signature        0x00840000         0x00000400         rw !x
*default*        0x00000000         0xffffffff

Linker script and memory map

Address of section .data set to 0x800200
LOAD c:/winavr-20071221/bin/../lib/gcc/avr/4.2.2/../../../../avr/lib/avr5/crtm1280.o
LOAD adc.o
LOAD dac.o
LOAD key.o
LOAD main.o
LOAD pwm.o
LOAD spi.o
LOAD timing.o
LOAD 7segmentled.o
LOAD c:/winavr-20071221/bin/../lib/gcc/avr/4.2.2/avr5\libgcc.a
LOAD c:/winavr-20071221/bin/../lib/gcc/avr/4.2.2/../../../../avr/lib/avr5\libc.a
LOAD c:/winavr-20071221/bin/../lib/gcc/avr/4.2.2/avr5\libgcc.a

.hash
 *(.hash)

.dynsym
 *(.dynsym)

.dynstr
 *(.dynstr)

.gnu.version
 *(.gnu.version)

.gnu.version_d
 *(.gnu.version_d)

.gnu.version_r
 *(.gnu.version_r)

.rel.init
 *(.rel.init)

.rela.init
 *(.rela.init)

.rel.text
 *(.rel.text)
 *(.rel.text.*)
 *(.rel.gnu.linkonce.t*)

.rela.text
 *(.rela.text)
 *(.rela.text.*)
 *(.rela.gnu.linkonce.t*)

.rel.fini
 *(.rel.fini)

.rela.fini
 *(.rela.fini)

.rel.rodata
 *(.rel.rodata)
 *(.rel.rodata.*)
 *(.rel.gnu.linkonce.r*)

.rela.rodata
 *(.rela.rodata)
 *(.rela.rodata.*)
 *(.rela.gnu.linkonce.r*)

.rel.data
 *(.rel.data)
 *(.rel.data.*)
 *(.rel.gnu.linkonce.d*)

.rela.data
 *(.rela.data)
 *(.rela.data.*)
 *(.rela.gnu.linkonce.d*)

.rel.ctors
 *(.rel.ctors)

.rela.ctors
 *(.rela.ctors)

.rel.dtors
 *(.rel.dtors)

.rela.dtors
 *(.rela.dtors)

.rel.got
 *(.rel.got)

.rela.got
 *(.rela.got)

.rel.bss
 *(.rel.bss)

.rela.bss
 *(.rela.bss)

.rel.plt
 *(.rel.plt)

.rela.plt
 *(.rela.plt)

.text           0x00000000     0x175a
 *(.vectors)
 .vectors       0x00000000       0xe4 c:/winavr-20071221/bin/../lib/gcc/avr/4.2.2/../../../../avr/lib/avr5/crtm1280.o
                0x00000000                __vectors
                0x00000000                __vector_default
 *(.vectors)
 *(.progmem.gcc*)
 *(.progmem*)
                0x000000e4                . = ALIGN (0x2)
                0x000000e4                __trampolines_start = .
 *(.trampolines)
 .trampolines   0x000000e4        0x0 linker stubs
 *(.trampolines*)
                0x000000e4                __trampolines_end = .
 *(.jumptables)
 *(.jumptables*)
 *(.lowtext)
 *(.lowtext*)
                0x000000e4                __ctors_start = .
 *(.ctors)
                0x000000e4                __ctors_end = .
                0x000000e4                __dtors_start = .
 *(.dtors)
                0x000000e4                __dtors_end = .
 SORT(*)(.ctors)
 SORT(*)(.dtors)
 *(.init0)
 .init0         0x000000e4        0x0 c:/winavr-20071221/bin/../lib/gcc/avr/4.2.2/../../../../avr/lib/avr5/crtm1280.o
                0x000000e4                __init
 *(.init0)
 *(.init1)
 *(.init1)
 *(.init2)
 .init2         0x000000e4        0xc c:/winavr-20071221/bin/../lib/gcc/avr/4.2.2/../../../../avr/lib/avr5/crtm1280.o
 *(.init2)
 *(.init3)
 *(.init3)
 *(.init4)
 .init4         0x000000f0       0x1a c:/winavr-20071221/bin/../lib/gcc/avr/4.2.2/../../../../avr/lib/avr5/crtm1280.o
                0x000000f0                __do_copy_data
 .init4         0x0000010a       0x10 c:/winavr-20071221/bin/../lib/gcc/avr/4.2.2/avr5\libgcc.a(_clear_bss.o)
                0x0000010a                __do_clear_bss
 *(.init4)
 *(.init5)
 *(.init5)
 *(.init6)
 *(.init6)
 *(.init7)
 *(.init7)
 *(.init8)
 *(.init8)
 *(.init9)
 .init9         0x0000011a        0x8 c:/winavr-20071221/bin/../lib/gcc/avr/4.2.2/../../../../avr/lib/avr5/crtm1280.o
 *(.init9)
 *(.text)
 .text          0x00000122        0x4 c:/winavr-20071221/bin/../lib/gcc/avr/4.2.2/../../../../avr/lib/avr5/crtm1280.o
                0x00000122                __vector_38
                0x00000122                __vector_22
                0x00000122                __vector_28
                0x00000122                __vector_1
                0x00000122                __vector_32
                0x00000122                __vector_34
                0x00000122                __vector_24
                0x00000122                __vector_12
                0x00000122                __vector_55
                0x00000122                __vector_46
                0x00000122                __bad_interrupt
                0x00000122                __vector_6
                0x00000122                __vector_31
                0x00000122                __vector_35
                0x00000122                __vector_39
                0x00000122                __vector_3
                0x00000122                __vector_23
                0x00000122                __vector_30
                0x00000122                __vector_45
                0x00000122                __vector_25
                0x00000122                __vector_11
                0x00000122                __vector_54
                0x00000122                __vector_13
                0x00000122                __vector_17
                0x00000122                __vector_19
                0x00000122                __vector_56
                0x00000122                __vector_7
                0x00000122                __vector_49
                0x00000122                __vector_41
                0x00000122                __vector_43
                0x00000122                __vector_27
                0x00000122                __vector_5
                0x00000122                __vector_33
                0x00000122                __vector_47
                0x00000122                __vector_52
                0x00000122                __vector_37
                0x00000122                __vector_4
                0x00000122                __vector_44
                0x00000122                __vector_51
                0x00000122                __vector_9
                0x00000122                __vector_2
                0x00000122                __vector_21
                0x00000122                __vector_15
                0x00000122                __vector_36
                0x00000122                __vector_40
                0x00000122                __vector_8
                0x00000122                __vector_26
                0x00000122                __vector_48
                0x00000122                __vector_14
                0x00000122                __vector_53
                0x00000122                __vector_10
                0x00000122                __vector_50
                0x00000122                __vector_16
                0x00000122                __vector_20
                0x00000122                __vector_42
 .text          0x00000126       0x44 adc.o
                0x00000126                ADC_Init
 .text          0x0000016a       0xb6 dac.o
                0x000001e4                DAC_Write
                0x000001ce                DAC_Init
                0x0000016a                DAC_V2N
 .text          0x00000220      0x1a4 key.o
                0x00000270                key_scan
                0x00000220                KEY_Init
                0x00000330                read_key
                0x0000022c                return_col_PIN
 .text          0x000003c4      0x296 main.o
                0x0000050c                init_mtrn3200
                0x0000058c                main
                0x000003c4                __vector_29
                0x00000462                __vector_18
 .text          0x0000065a       0x24 pwm.o
                0x0000065a                PWM_Init
                0x00000678                PWM_Write_PW
 .text          0x0000067e       0xda spi.o
                0x000006a2                SPI_Modeselect
                0x0000068c                SPI_MasterInit
                0x0000067e                SPI_MasterTransmit
                0x00000736                SPI_Init
                0x000006d2                SPI_SCKspeed
 .text          0x00000758       0x2a timing.o
                0x00000758                init_timer1
 .text          0x00000782      0x148 7segmentled.o
                0x000007f4                Seg7_Display_adc
                0x00000782                Seg7_send_byte
                0x000007a8                Seg7_Init
 .text          0x000008ca        0x0 c:/winavr-20071221/bin/../lib/gcc/avr/4.2.2/avr5\libgcc.a(_divmodhi4.o)
 .text          0x000008ca        0x0 c:/winavr-20071221/bin/../lib/gcc/avr/4.2.2/avr5\libgcc.a(_exit.o)
 .text          0x000008ca        0x0 c:/winavr-20071221/bin/../lib/gcc/avr/4.2.2/avr5\libgcc.a(_clear_bss.o)
 .text          0x000008ca      0x348 c:/winavr-20071221/bin/../lib/gcc/avr/4.2.2/avr5\libgcc.a(_addsub_sf.o)
                0x00000b56                __subsf3
                0x00000bb8                __addsf3
 .text          0x00000c12      0x1fe c:/winavr-20071221/bin/../lib/gcc/avr/4.2.2/avr5\libgcc.a(_mul_sf.o)
                0x00000c12                __mulsf3
 .text          0x00000e10      0x16a c:/winavr-20071221/bin/../lib/gcc/avr/4.2.2/avr5\libgcc.a(_div_sf.o)
                0x00000e10                __divsf3
 .text          0x00000f7a       0x6c c:/winavr-20071221/bin/../lib/gcc/avr/4.2.2/avr5\libgcc.a(_gt_sf.o)
                0x00000f7a                __gtsf2
 .text          0x00000fe6       0x6c c:/winavr-20071221/bin/../lib/gcc/avr/4.2.2/avr5\libgcc.a(_ge_sf.o)
                0x00000fe6                __gesf2
 .text          0x00001052       0x6c c:/winavr-20071221/bin/../lib/gcc/avr/4.2.2/avr5\libgcc.a(_lt_sf.o)
                0x00001052                __ltsf2
 .text          0x000010be       0x6c c:/winavr-20071221/bin/../lib/gcc/avr/4.2.2/avr5\libgcc.a(_le_sf.o)
                0x000010be                __lesf2
 .text          0x0000112a       0xa6 c:/winavr-20071221/bin/../lib/gcc/avr/4.2.2/avr5\libgcc.a(_sf_to_si.o)
                0x0000112a                __fixsfsi
 .text          0x000011d0        0x0 c:/winavr-20071221/bin/../lib/gcc/avr/4.2.2/avr5\libgcc.a(_thenan_sf.o)
 .text          0x000011d0       0xe6 c:/winavr-20071221/bin/../lib/gcc/avr/4.2.2/avr5\libgcc.a(_usi_to_sf.o)
                0x000011d0                __floatunsisf
 .text          0x000012b6        0x0 c:/winavr-20071221/bin/../lib/gcc/avr/4.2.2/avr5\libgcc.a(_udivmodhi4.o)
 .text          0x000012b6        0x0 c:/winavr-20071221/bin/../lib/gcc/avr/4.2.2/avr5\libgcc.a(_prologue.o)
 .text          0x000012b6        0x0 c:/winavr-20071221/bin/../lib/gcc/avr/4.2.2/avr5\libgcc.a(_epilogue.o)
 .text          0x000012b6       0x9a c:/winavr-20071221/bin/../lib/gcc/avr/4.2.2/avr5\libgcc.a(_clzsi2.o)
                0x000012b6                __clzsi2
 .text          0x00001350      0x1c0 c:/winavr-20071221/bin/../lib/gcc/avr/4.2.2/avr5\libgcc.a(_pack_sf.o)
                0x00001350                __pack_f
 .text          0x00001510       0xe0 c:/winavr-20071221/bin/../lib/gcc/avr/4.2.2/avr5\libgcc.a(_unpack_sf.o)
                0x00001510                __unpack_f
 .text          0x000015f0       0xac c:/winavr-20071221/bin/../lib/gcc/avr/4.2.2/avr5\libgcc.a(_fpcmp_parts_sf.o)
                0x000015f0                __fpcmp_parts_f
 .text          0x0000169c        0x0 c:/winavr-20071221/bin/../lib/gcc/avr/4.2.2/avr5\libgcc.a(_clz.o)
                0x0000169c                . = ALIGN (0x2)
 *(.text.*)
 .text.libgcc   0x0000169c       0x26 c:/winavr-20071221/bin/../lib/gcc/avr/4.2.2/avr5\libgcc.a(_divmodhi4.o)
                0x0000169c                __divmodhi4
                0x0000169c                _div
 .text.libgcc   0x000016c2        0x0 c:/winavr-20071221/bin/../lib/gcc/avr/4.2.2/avr5\libgcc.a(_exit.o)
 .text.libgcc   0x000016c2        0x0 c:/winavr-20071221/bin/../lib/gcc/avr/4.2.2/avr5\libgcc.a(_clear_bss.o)
 .text.libgcc   0x000016c2       0x28 c:/winavr-20071221/bin/../lib/gcc/avr/4.2.2/avr5\libgcc.a(_udivmodhi4.o)
                0x000016c2                __udivmodhi4
 .text.libgcc   0x000016ea       0x38 c:/winavr-20071221/bin/../lib/gcc/avr/4.2.2/avr5\libgcc.a(_prologue.o)
                0x000016ea                __prologue_saves__
 .text.libgcc   0x00001722       0x36 c:/winavr-20071221/bin/../lib/gcc/avr/4.2.2/avr5\libgcc.a(_epilogue.o)
                0x00001722                __epilogue_restores__
                0x00001758                . = ALIGN (0x2)
 *(.fini9)
 .fini9         0x00001758        0x0 c:/winavr-20071221/bin/../lib/gcc/avr/4.2.2/avr5\libgcc.a(_exit.o)
                0x00001758                exit
                0x00001758                _exit
 *(.fini9)
 *(.fini8)
 *(.fini8)
 *(.fini7)
 *(.fini7)
 *(.fini6)
 *(.fini6)
 *(.fini5)
 *(.fini5)
 *(.fini4)
 *(.fini4)
 *(.fini3)
 *(.fini3)
 *(.fini2)
 *(.fini2)
 *(.fini1)
 *(.fini1)
 *(.fini0)
 .fini0         0x00001758        0x2 c:/winavr-20071221/bin/../lib/gcc/avr/4.2.2/avr5\libgcc.a(_exit.o)
 *(.fini0)
                0x0000175a                _etext = .

.data           0x00800200      0x11a load address 0x0000175a
                0x00800200                PROVIDE (__data_start, .)
 *(.data)
 .data          0x00800200        0x0 c:/winavr-20071221/bin/../lib/gcc/avr/4.2.2/../../../../avr/lib/avr5/crtm1280.o
 .data          0x00800200        0x0 adc.o
 .data          0x00800200        0x0 dac.o
 .data          0x00800200        0x0 key.o
 .data          0x00800200        0x0 main.o
 .data          0x00800200        0x0 pwm.o
 .data          0x00800200        0x0 spi.o
 .data          0x00800200        0x0 timing.o
 .data          0x00800200       0x11 7segmentled.o
                0x00800200                Seg7_Data
 .data          0x00800211        0x0 c:/winavr-20071221/bin/../lib/gcc/avr/4.2.2/avr5\libgcc.a(_divmodhi4.o)
 .data          0x00800211        0x0 c:/winavr-20071221/bin/../lib/gcc/avr/4.2.2/avr5\libgcc.a(_exit.o)
 .data          0x00800211        0x0 c:/winavr-20071221/bin/../lib/gcc/avr/4.2.2/avr5\libgcc.a(_clear_bss.o)
 .data          0x00800211        0x0 c:/winavr-20071221/bin/../lib/gcc/avr/4.2.2/avr5\libgcc.a(_addsub_sf.o)
 .data          0x00800211        0x0 c:/winavr-20071221/bin/../lib/gcc/avr/4.2.2/avr5\libgcc.a(_mul_sf.o)
 .data          0x00800211        0x0 c:/winavr-20071221/bin/../lib/gcc/avr/4.2.2/avr5\libgcc.a(_div_sf.o)
 .data          0x00800211        0x0 c:/winavr-20071221/bin/../lib/gcc/avr/4.2.2/avr5\libgcc.a(_gt_sf.o)
 .data          0x00800211        0x0 c:/winavr-20071221/bin/../lib/gcc/avr/4.2.2/avr5\libgcc.a(_ge_sf.o)
 .data          0x00800211        0x0 c:/winavr-20071221/bin/../lib/gcc/avr/4.2.2/avr5\libgcc.a(_lt_sf.o)
 .data          0x00800211        0x0 c:/winavr-20071221/bin/../lib/gcc/avr/4.2.2/avr5\libgcc.a(_le_sf.o)
 .data          0x00800211        0x0 c:/winavr-20071221/bin/../lib/gcc/avr/4.2.2/avr5\libgcc.a(_sf_to_si.o)
 .data          0x00800211        0x8 c:/winavr-20071221/bin/../lib/gcc/avr/4.2.2/avr5\libgcc.a(_thenan_sf.o)
                0x00800211                __thenan_sf
 .data          0x00800219        0x0 c:/winavr-20071221/bin/../lib/gcc/avr/4.2.2/avr5\libgcc.a(_usi_to_sf.o)
 .data          0x00800219        0x0 c:/winavr-20071221/bin/../lib/gcc/avr/4.2.2/avr5\libgcc.a(_udivmodhi4.o)
 .data          0x00800219        0x0 c:/winavr-20071221/bin/../lib/gcc/avr/4.2.2/avr5\libgcc.a(_prologue.o)
 .data          0x00800219        0x0 c:/winavr-20071221/bin/../lib/gcc/avr/4.2.2/avr5\libgcc.a(_epilogue.o)
 .data          0x00800219        0x0 c:/winavr-20071221/bin/../lib/gcc/avr/4.2.2/avr5\libgcc.a(_clzsi2.o)
 .data          0x00800219        0x0 c:/winavr-20071221/bin/../lib/gcc/avr/4.2.2/avr5\libgcc.a(_pack_sf.o)
 .data          0x00800219        0x0 c:/winavr-20071221/bin/../lib/gcc/avr/4.2.2/avr5\libgcc.a(_unpack_sf.o)
 .data          0x00800219        0x0 c:/winavr-20071221/bin/../lib/gcc/avr/4.2.2/avr5\libgcc.a(_fpcmp_parts_sf.o)
 .data          0x00800219      0x100 c:/winavr-20071221/bin/../lib/gcc/avr/4.2.2/avr5\libgcc.a(_clz.o)
                0x00800219                __clz_tab
 *(.data*)
 *(.rodata)
 *(.rodata*)
 *(.gnu.linkonce.d*)
                0x0080031a                . = ALIGN (0x2)
 *fill*         0x00800319        0x1 00
                0x0080031a                _edata = .
                0x0080031a                PROVIDE (__data_end, .)

.bss            0x0080031a       0x14 load address 0x00001874
                0x0080031a                PROVIDE (__bss_start, .)
 *(.bss)
 .bss           0x0080031a        0x0 c:/winavr-20071221/bin/../lib/gcc/avr/4.2.2/../../../../avr/lib/avr5/crtm1280.o
 .bss           0x0080031a        0x0 adc.o
 .bss           0x0080031a        0x0 dac.o
 .bss           0x0080031a        0x3 key.o
 .bss           0x0080031d        0x1 main.o
                0x0080031d                INC_FLAG
 .bss           0x0080031e        0x0 pwm.o
 .bss           0x0080031e        0x0 spi.o
 .bss           0x0080031e        0x0 timing.o
 .bss           0x0080031e        0x0 7segmentled.o
 .bss           0x0080031e        0x0 c:/winavr-20071221/bin/../lib/gcc/avr/4.2.2/avr5\libgcc.a(_divmodhi4.o)
 .bss           0x0080031e        0x0 c:/winavr-20071221/bin/../lib/gcc/avr/4.2.2/avr5\libgcc.a(_exit.o)
 .bss           0x0080031e        0x0 c:/winavr-20071221/bin/../lib/gcc/avr/4.2.2/avr5\libgcc.a(_clear_bss.o)
 .bss           0x0080031e        0x0 c:/winavr-20071221/bin/../lib/gcc/avr/4.2.2/avr5\libgcc.a(_addsub_sf.o)
 .bss           0x0080031e        0x0 c:/winavr-20071221/bin/../lib/gcc/avr/4.2.2/avr5\libgcc.a(_mul_sf.o)
 .bss           0x0080031e        0x0 c:/winavr-20071221/bin/../lib/gcc/avr/4.2.2/avr5\libgcc.a(_div_sf.o)
 .bss           0x0080031e        0x0 c:/winavr-20071221/bin/../lib/gcc/avr/4.2.2/avr5\libgcc.a(_gt_sf.o)
 .bss           0x0080031e        0x0 c:/winavr-20071221/bin/../lib/gcc/avr/4.2.2/avr5\libgcc.a(_ge_sf.o)
 .bss           0x0080031e        0x0 c:/winavr-20071221/bin/../lib/gcc/avr/4.2.2/avr5\libgcc.a(_lt_sf.o)
 .bss           0x0080031e        0x0 c:/winavr-20071221/bin/../lib/gcc/avr/4.2.2/avr5\libgcc.a(_le_sf.o)
 .bss           0x0080031e        0x0 c:/winavr-20071221/bin/../lib/gcc/avr/4.2.2/avr5\libgcc.a(_sf_to_si.o)
 .bss           0x0080031e        0x0 c:/winavr-20071221/bin/../lib/gcc/avr/4.2.2/avr5\libgcc.a(_thenan_sf.o)
 .bss           0x0080031e        0x0 c:/winavr-20071221/bin/../lib/gcc/avr/4.2.2/avr5\libgcc.a(_usi_to_sf.o)
 .bss           0x0080031e        0x0 c:/winavr-20071221/bin/../lib/gcc/avr/4.2.2/avr5\libgcc.a(_udivmodhi4.o)
 .bss           0x0080031e        0x0 c:/winavr-20071221/bin/../lib/gcc/avr/4.2.2/avr5\libgcc.a(_prologue.o)
 .bss           0x0080031e        0x0 c:/winavr-20071221/bin/../lib/gcc/avr/4.2.2/avr5\libgcc.a(_epilogue.o)
 .bss           0x0080031e        0x0 c:/winavr-20071221/bin/../lib/gcc/avr/4.2.2/avr5\libgcc.a(_clzsi2.o)
 .bss           0x0080031e        0x0 c:/winavr-20071221/bin/../lib/gcc/avr/4.2.2/avr5\libgcc.a(_pack_sf.o)
 .bss           0x0080031e        0x0 c:/winavr-20071221/bin/../lib/gcc/avr/4.2.2/avr5\libgcc.a(_unpack_sf.o)
 .bss           0x0080031e        0x0 c:/winavr-20071221/bin/../lib/gcc/avr/4.2.2/avr5\libgcc.a(_fpcmp_parts_sf.o)
 .bss           0x0080031e        0x0 c:/winavr-20071221/bin/../lib/gcc/avr/4.2.2/avr5\libgcc.a(_clz.o)
 *(.bss*)
 *(COMMON)
 COMMON         0x0080031e       0x10 main.o
                0x0080031e                adc_result
                0x00800322                time_step
                0x00800323                desired_volt
                0x00800327                desired_pulse_width
                0x00800328                desired_volt_indx
                0x0080032a                Seg7_Buf
                0x0080032e                PROVIDE (__bss_end, .)
                0x0000175a                __data_load_start = LOADADDR (.data)
                0x00001874                __data_load_end = (__data_load_start + SIZEOF (.data))

.noinit         0x0080032e        0x0
                0x0080032e                PROVIDE (__noinit_start, .)
 *(.noinit*)
                0x0080032e                PROVIDE (__noinit_end, .)
                0x0080032e                _end = .
                0x0080032e                PROVIDE (__heap_start, .)

.eeprom         0x00810000        0x0
 *(.eeprom*)
                0x00810000                __eeprom_end = .

.fuse
 *(.fuse)
 *(.lfuse)
 *(.hfuse)
 *(.efuse)

.lock
 *(.lock*)

.signature
 *(.signature*)

.stab           0x00000000      0x414
 *(.stab)
 .stab          0x00000000      0x414 c:/winavr-20071221/bin/../lib/gcc/avr/4.2.2/../../../../avr/lib/avr5/crtm1280.o

.stabstr        0x00000000       0x5f
 *(.stabstr)
 .stabstr       0x00000000       0x5f c:/winavr-20071221/bin/../lib/gcc/avr/4.2.2/../../../../avr/lib/avr5/crtm1280.o

.stab.excl
 *(.stab.excl)

.stab.exclstr
 *(.stab.exclstr)

.stab.index
 *(.stab.index)

.stab.indexstr
 *(.stab.indexstr)

.comment
 *(.comment)

.debug
 *(.debug)

.line
 *(.line)

.debug_srcinfo
 *(.debug_srcinfo)

.debug_sfnames
 *(.debug_sfnames)

.debug_aranges  0x00000000      0x100
 *(.debug_aranges)
 .debug_aranges
                0x00000000       0x20 adc.o
 .debug_aranges
                0x00000020       0x20 dac.o
 .debug_aranges
                0x00000040       0x20 key.o
 .debug_aranges
                0x00000060       0x20 main.o
 .debug_aranges
                0x00000080       0x20 pwm.o
 .debug_aranges
                0x000000a0       0x20 spi.o
 .debug_aranges
                0x000000c0       0x20 timing.o
 .debug_aranges
                0x000000e0       0x20 7segmentled.o

.debug_pubnames
                0x00000000      0x289
 *(.debug_pubnames)
 .debug_pubnames
                0x00000000       0x1f adc.o
 .debug_pubnames
                0x0000001f       0x39 dac.o
 .debug_pubnames
                0x00000058       0x4c key.o
 .debug_pubnames
                0x000000a4       0xc3 main.o
 .debug_pubnames
                0x00000167       0x30 pwm.o
 .debug_pubnames
                0x00000197       0x6d spi.o
 .debug_pubnames
                0x00000204       0x22 timing.o
 .debug_pubnames
                0x00000226       0x63 7segmentled.o

.debug_info     0x00000000      0x8e3
 *(.debug_info)
 .debug_info    0x00000000       0x8d adc.o
 .debug_info    0x0000008d      0x123 dac.o
 .debug_info    0x000001b0      0x143 key.o
 .debug_info    0x000002f3      0x188 main.o
 .debug_info    0x0000047b       0xb3 pwm.o
 .debug_info    0x0000052e      0x133 spi.o
 .debug_info    0x00000661       0x8d timing.o
 .debug_info    0x000006ee      0x1f5 7segmentled.o
 *(.gnu.linkonce.wi.*)

.debug_abbrev   0x00000000      0x547
 *(.debug_abbrev)
 .debug_abbrev  0x00000000       0x5b adc.o
 .debug_abbrev  0x0000005b       0xac dac.o
 .debug_abbrev  0x00000107       0xc0 key.o
 .debug_abbrev  0x000001c7       0xbc main.o
 .debug_abbrev  0x00000283       0x81 pwm.o
 .debug_abbrev  0x00000304       0xa5 spi.o
 .debug_abbrev  0x000003a9       0x5b timing.o
 .debug_abbrev  0x00000404      0x143 7segmentled.o

.debug_line     0x00000000      0xa95
 *(.debug_line)
 .debug_line    0x00000000       0xa9 adc.o
 .debug_line    0x000000a9       0xf9 dac.o
 .debug_line    0x000001a2      0x1f7 key.o
 .debug_line    0x00000399      0x1d3 main.o
 .debug_line    0x0000056c       0xc9 pwm.o
 .debug_line    0x00000635      0x189 spi.o
 .debug_line    0x000007be       0xac timing.o
 .debug_line    0x0000086a      0x22b 7segmentled.o

.debug_frame    0x00000000      0x1f0
 *(.debug_frame)
 .debug_frame   0x00000000       0x20 adc.o
 .debug_frame   0x00000020       0x40 dac.o
 .debug_frame   0x00000060       0x50 key.o
 .debug_frame   0x000000b0       0x50 main.o
 .debug_frame   0x00000100       0x30 pwm.o
 .debug_frame   0x00000130       0x60 spi.o
 .debug_frame   0x00000190       0x20 timing.o
 .debug_frame   0x000001b0       0x40 7segmentled.o

.debug_str      0x00000000      0x32b
 *(.debug_str)
 .debug_str     0x00000000       0x7f adc.o
                                 0xb3 (size before relaxing)
 .debug_str     0x0000007f       0x54 dac.o
                                 0xf5 (size before relaxing)
 .debug_str     0x000000d3       0x7a key.o
                                0x113 (size before relaxing)
 .debug_str     0x0000014d       0x98 main.o
                                0x137 (size before relaxing)
 .debug_str     0x000001e5       0x2c pwm.o
                                 0xc5 (size before relaxing)
 .debug_str     0x00000211       0x71 spi.o
                                0x118 (size before relaxing)
 .debug_str     0x00000282       0x18 timing.o
                                 0xb1 (size before relaxing)
 .debug_str     0x0000029a       0x91 7segmentled.o
                                0x148 (size before relaxing)

.debug_loc      0x00000000      0x2ed
 *(.debug_loc)
 .debug_loc     0x00000000       0x13 adc.o
 .debug_loc     0x00000013       0x97 dac.o
 .debug_loc     0x000000aa       0x9c key.o
 .debug_loc     0x00000146       0x18 main.o
 .debug_loc     0x0000015e       0x13 pwm.o
 .debug_loc     0x00000171       0xba spi.o
 .debug_loc     0x0000022b       0x13 timing.o
 .debug_loc     0x0000023e       0xaf 7segmentled.o

.debug_macinfo
 *(.debug_macinfo)
OUTPUT(labm2.elf elf32-avr)
LOAD linker stubs
